[12-Dec-2016 12:50:23 UTC] PHP Parse error:  syntax error, unexpected '->' (T_OBJECT_OPERATOR) in F:\xampp\htdocs\lizgan\class\dbUpdate.php on line 158
[12-Dec-2016 12:51:12 UTC] PHP Warning:  mysql_set_charset() expects parameter 1 to be string, resource given in F:\xampp\htdocs\lizgan\class\dbConnection.php on line 68
[12-Dec-2016 12:51:12 UTC] PHP Notice:  Undefined index: my_date in F:\xampp\htdocs\lizgan\reports\prod_inventory_allbranch.php on line 55
[12-Dec-2016 12:51:18 UTC] PHP Fatal error:  Call to a member function close() on a non-object in F:\xampp\htdocs\lizgan\class\dbUpdate.php on line 284
[19-Dec-2016 04:46:16] PHP Warning:  mysql_set_charset() expects parameter 1 to be string, resource given in D:\xampp\htdocs\lizgan\class\dbConnection.php on line 68
[19-Dec-2016 04:46:16] PHP Notice:  Undefined index: my_date in D:\xampp\htdocs\lizgan\reports\prod_inventory.php on line 54
[19-Dec-2016 04:46:16] PHP Notice:  Undefined variable: total in D:\xampp\htdocs\lizgan\reports\prod_inventory.php on line 94
[19-Dec-2016 07:20:25] PHP Notice:  Undefined index: connect in D:\xampp\htdocs\lizgan\class\dbConnection.php on line 30
[19-Dec-2016 07:20:25] PHP Warning:  mysql_set_charset() expects parameter 1 to be string, resource given in D:\xampp\htdocs\lizgan\class\dbConnection.php on line 68
[19-Dec-2016 07:20:25] PHP Notice:  Undefined index: my_date in D:\xampp\htdocs\lizgan\reports\prod_inventory_allbranch.php on line 56
[19-Dec-2016 07:20:40] PHP Fatal error:  Call to a member function close() on a non-object in D:\xampp\htdocs\lizgan\class\dbUpdate.php on line 287
[12-May-2017 17:39:53 Asia/Manila] PHP Notice:  Undefined index: 192.168.10.184 in E:\webserver\htdocs\lizganV1.22\settings.php on line 97
[12-May-2017 17:39:53 Asia/Manila] PHP Notice:  Undefined index: connect in E:\webserver\htdocs\lizganV1.22\settings.php on line 121
[12-May-2017 17:39:53 Asia/Manila] PHP Notice:  Undefined variable: where in E:\webserver\htdocs\lizganV1.22\reports\sales_journal.php on line 62
[12-May-2017 17:39:53 Asia/Manila] PHP Notice:  Undefined variable: campus in E:\webserver\htdocs\lizganV1.22\reports\sales_journal.php on line 70
[12-May-2017 17:40:35 Asia/Manila] PHP Warning:  Uncaught exception 'PDOException' with message 'SQLSTATE[HY000] [2002] A connection attempt failed because the connected party did not properly respond after a period of time, or established connection failed because connected host has failed to respond.
' in E:\webserver\htdocs\lizganV1.22\class\dbUpdate.php:52
Stack trace:
#0 E:\webserver\htdocs\lizganV1.22\class\dbUpdate.php(52): PDO->__construct('mysql:host=192....', 'admin', 'webadmin2010')
#1 E:\webserver\htdocs\lizganV1.22\reports\sales_journal.php(78): dbUpdate->pdoStyle('192.168.10.176', 'lizgan_ucbanila...', 'select *,(selec...')
#2 {main}
  thrown in E:\webserver\htdocs\lizganV1.22\class\dbUpdate.php on line 52
[12-May-2017 17:40:35 Asia/Manila] PHP Fatal error:  Maximum execution time of 30 seconds exceeded in E:\webserver\htdocs\lizganV1.22\class\dbUpdate.php on line 52
[15-May-2017 01:39:47 Asia/Manila] PHP Notice:  Undefined index: ::1 in D:\xampp\htdocs\ccrcV1.22\settings.php on line 97
[15-May-2017 01:39:47 Asia/Manila] PHP Notice:  Undefined index: connect in D:\xampp\htdocs\ccrcV1.22\settings.php on line 121
[15-May-2017 01:39:47 Asia/Manila] PHP Deprecated:  mysql_query(): The mysql extension is deprecated and will be removed in the future: use mysqli or PDO instead in D:\xampp\htdocs\ccrcV1.22\class\dbConnection.php on line 139
[15-May-2017 01:39:47 Asia/Manila] PHP Warning:  mysql_fetch_assoc() expects parameter 1 to be resource, boolean given in D:\xampp\htdocs\ccrcV1.22\class\dbConnection.php on line 140
[15-May-2017 01:39:47 Asia/Manila] PHP Notice:  Undefined variable: result in D:\xampp\htdocs\ccrcV1.22\class\dbConnection.php on line 143
[15-May-2017 01:39:47 Asia/Manila] PHP Warning:  Invalid argument supplied for foreach() in D:\xampp\htdocs\ccrcV1.22\reports\collection_deposit.php on line 76
[15-May-2017 01:39:47 Asia/Manila] PHP Warning:  mysql_close() expects parameter 1 to be resource, string given in D:\xampp\htdocs\ccrcV1.22\class\dbConnection.php on line 24
[15-May-2017 01:40:31 Asia/Manila] PHP Notice:  Undefined index: ::1 in D:\xampp\htdocs\ccrcV1.22\settings.php on line 97
[15-May-2017 01:40:31 Asia/Manila] PHP Notice:  Undefined index: connect in D:\xampp\htdocs\ccrcV1.22\settings.php on line 121
[15-May-2017 01:40:31 Asia/Manila] PHP Deprecated:  mysql_query(): The mysql extension is deprecated and will be removed in the future: use mysqli or PDO instead in D:\xampp\htdocs\ccrcV1.22\class\dbConnection.php on line 139
[15-May-2017 01:40:31 Asia/Manila] PHP Warning:  mysql_fetch_assoc() expects parameter 1 to be resource, boolean given in D:\xampp\htdocs\ccrcV1.22\class\dbConnection.php on line 140
[15-May-2017 01:40:31 Asia/Manila] PHP Notice:  Undefined variable: result in D:\xampp\htdocs\ccrcV1.22\class\dbConnection.php on line 143
[15-May-2017 01:40:31 Asia/Manila] PHP Warning:  Invalid argument supplied for foreach() in D:\xampp\htdocs\ccrcV1.22\reports\collection_deposit.php on line 77
[15-May-2017 01:40:31 Asia/Manila] PHP Warning:  mysql_close() expects parameter 1 to be resource, string given in D:\xampp\htdocs\ccrcV1.22\class\dbConnection.php on line 24
[15-May-2017 01:43:34 Asia/Manila] PHP Notice:  Undefined index: ::1 in D:\xampp\htdocs\ccrcV1.22\settings.php on line 97
[15-May-2017 01:43:34 Asia/Manila] PHP Notice:  Undefined index: connect in D:\xampp\htdocs\ccrcV1.22\settings.php on line 121
[15-May-2017 01:43:34 Asia/Manila] PHP Deprecated:  mysql_query(): The mysql extension is deprecated and will be removed in the future: use mysqli or PDO instead in D:\xampp\htdocs\ccrcV1.22\reports\collection_deposit.php on line 51
[15-May-2017 01:43:34 Asia/Manila] PHP Warning:  mysql_fetch_assoc() expects parameter 1 to be resource, boolean given in D:\xampp\htdocs\ccrcV1.22\class\dbConnection.php on line 140
[15-May-2017 01:43:34 Asia/Manila] PHP Notice:  Undefined variable: result in D:\xampp\htdocs\ccrcV1.22\class\dbConnection.php on line 143
[15-May-2017 01:43:34 Asia/Manila] PHP Warning:  mysql_fetch_assoc() expects parameter 1 to be resource, boolean given in D:\xampp\htdocs\ccrcV1.22\reports\collection_deposit.php on line 78
[15-May-2017 01:43:34 Asia/Manila] PHP Warning:  mysql_close() expects parameter 1 to be resource, string given in D:\xampp\htdocs\ccrcV1.22\class\dbConnection.php on line 24
[15-May-2017 01:45:13 Asia/Manila] PHP Notice:  Undefined index: ::1 in D:\xampp\htdocs\ccrcV1.22\settings.php on line 97
[15-May-2017 01:45:13 Asia/Manila] PHP Notice:  Undefined index: connect in D:\xampp\htdocs\ccrcV1.22\settings.php on line 121
[15-May-2017 01:45:13 Asia/Manila] PHP Deprecated:  mysql_query(): The mysql extension is deprecated and will be removed in the future: use mysqli or PDO instead in D:\xampp\htdocs\ccrcV1.22\reports\collection_deposit.php on line 51
[15-May-2017 01:45:13 Asia/Manila] PHP Warning:  mysql_fetch_assoc() expects parameter 1 to be resource, boolean given in D:\xampp\htdocs\ccrcV1.22\reports\collection_deposit.php on line 78
[15-May-2017 01:45:13 Asia/Manila] PHP Warning:  mysql_close() expects parameter 1 to be resource, string given in D:\xampp\htdocs\ccrcV1.22\class\dbConnection.php on line 24
[15-May-2017 01:45:40 Asia/Manila] PHP Notice:  Undefined index: ::1 in D:\xampp\htdocs\ccrcV1.22\settings.php on line 97
[15-May-2017 01:45:40 Asia/Manila] PHP Notice:  Undefined index: connect in D:\xampp\htdocs\ccrcV1.22\settings.php on line 121
[15-May-2017 01:45:40 Asia/Manila] PHP Deprecated:  mysql_query(): The mysql extension is deprecated and will be removed in the future: use mysqli or PDO instead in D:\xampp\htdocs\ccrcV1.22\reports\collection_deposit.php on line 51
[15-May-2017 01:45:40 Asia/Manila] PHP Warning:  mysql_fetch_assoc() expects parameter 1 to be resource, boolean given in D:\xampp\htdocs\ccrcV1.22\reports\collection_deposit.php on line 81
[15-May-2017 01:45:40 Asia/Manila] PHP Warning:  mysql_close() expects parameter 1 to be resource, string given in D:\xampp\htdocs\ccrcV1.22\class\dbConnection.php on line 24
[15-May-2017 01:46:24 Asia/Manila] PHP Notice:  Undefined index: ::1 in D:\xampp\htdocs\ccrcV1.22\settings.php on line 97
[15-May-2017 01:46:24 Asia/Manila] PHP Notice:  Undefined index: connect in D:\xampp\htdocs\ccrcV1.22\settings.php on line 121
[15-May-2017 01:46:24 Asia/Manila] PHP Notice:  Undefined index: connect in D:\xampp\htdocs\ccrcV1.22\class\dbConnection.php on line 42
[15-May-2017 01:46:24 Asia/Manila] PHP Deprecated:  mysql_connect(): The mysql extension is deprecated and will be removed in the future: use mysqli or PDO instead in D:\xampp\htdocs\ccrcV1.22\class\dbConnection.php on line 93
[15-May-2017 01:46:24 Asia/Manila] PHP Warning:  mysql_set_charset() expects parameter 1 to be string, resource given in D:\xampp\htdocs\ccrcV1.22\class\dbConnection.php on line 97
[04-Aug-2017 13:45:11 Asia/Manila] PHP Notice:  Undefined index: view in E:\webserver\htdocs\ccrcV1.31\settings.php on line 41
[04-Aug-2017 13:45:11 Asia/Manila] PHP Notice:  Undefined index: 192.168.10.200 in E:\webserver\htdocs\ccrcV1.31\settings.php on line 110
[04-Aug-2017 13:45:11 Asia/Manila] PHP Notice:  Undefined index: howmanycounter in E:\webserver\htdocs\ccrcV1.31\settings.php on line 122
[04-Aug-2017 13:45:11 Asia/Manila] PHP Notice:  Undefined index: connect in E:\webserver\htdocs\ccrcV1.31\settings.php on line 134
[04-Aug-2017 13:45:11 Asia/Manila] PHP Notice:  Undefined index: connect in E:\webserver\htdocs\ccrcV1.31\class\dbConnection.php on line 23
[04-Aug-2017 13:45:11 Asia/Manila] PHP Notice:  Undefined index: conlist in E:\webserver\htdocs\ccrcV1.31\class\dbConnection.php on line 24
[04-Aug-2017 13:45:11 Asia/Manila] PHP Warning:  mysql_set_charset() expects parameter 1 to be string, resource given in E:\webserver\htdocs\ccrcV1.31\class\dbConnection.php on line 36
[04-Aug-2017 13:45:11 Asia/Manila] PHP Notice:  Undefined index: connect in E:\webserver\htdocs\ccrcV1.31\class\dbUpdate.php on line 57
[04-Aug-2017 13:45:11 Asia/Manila] PHP Notice:  Undefined index: conlist in E:\webserver\htdocs\ccrcV1.31\class\dbUpdate.php on line 58
[04-Aug-2017 13:45:11 Asia/Manila] PHP Notice:  Undefined property: MySQLiContainer::$connect_error in E:\webserver\htdocs\ccrcV1.31\class\dbUpdate.php on line 89
[04-Aug-2017 13:45:11 Asia/Manila] PHP Warning:  mysql_set_charset() expects parameter 1 to be string, object given in E:\webserver\htdocs\ccrcV1.31\class\dbUpdate.php on line 93
[04-Aug-2017 13:45:11 Asia/Manila] PHP Fatal error:  Call to a member function fetch_assoc() on a non-object in E:\webserver\htdocs\ccrcV1.31\class\dbUpdate.php on line 343
[04-Aug-2017 13:45:23 Asia/Manila] PHP Notice:  Undefined index: view in E:\webserver\htdocs\ccrcV1.31\settings.php on line 41
[04-Aug-2017 13:45:23 Asia/Manila] PHP Notice:  Undefined index: 192.168.10.200 in E:\webserver\htdocs\ccrcV1.31\settings.php on line 110
[04-Aug-2017 13:45:23 Asia/Manila] PHP Notice:  Undefined index: howmanycounter in E:\webserver\htdocs\ccrcV1.31\settings.php on line 122
[04-Aug-2017 13:45:23 Asia/Manila] PHP Notice:  Undefined index: connect in E:\webserver\htdocs\ccrcV1.31\settings.php on line 134
[04-Aug-2017 13:45:23 Asia/Manila] PHP Notice:  Undefined index: connect in E:\webserver\htdocs\ccrcV1.31\class\dbConnection.php on line 23
[04-Aug-2017 13:45:23 Asia/Manila] PHP Notice:  Undefined index: conlist in E:\webserver\htdocs\ccrcV1.31\class\dbConnection.php on line 24
[04-Aug-2017 13:45:23 Asia/Manila] PHP Warning:  mysql_set_charset() expects parameter 1 to be string, resource given in E:\webserver\htdocs\ccrcV1.31\class\dbConnection.php on line 36
[04-Aug-2017 13:45:23 Asia/Manila] PHP Notice:  Undefined index: connect in E:\webserver\htdocs\ccrcV1.31\class\dbUpdate.php on line 57
[04-Aug-2017 13:45:23 Asia/Manila] PHP Notice:  Undefined index: conlist in E:\webserver\htdocs\ccrcV1.31\class\dbUpdate.php on line 58
[04-Aug-2017 13:45:23 Asia/Manila] PHP Notice:  Undefined property: MySQLiContainer::$connect_error in E:\webserver\htdocs\ccrcV1.31\class\dbUpdate.php on line 89
[04-Aug-2017 13:45:23 Asia/Manila] PHP Warning:  mysql_set_charset() expects parameter 1 to be string, object given in E:\webserver\htdocs\ccrcV1.31\class\dbUpdate.php on line 93
[04-Aug-2017 13:45:23 Asia/Manila] PHP Fatal error:  Call to a member function fetch_assoc() on a non-object in E:\webserver\htdocs\ccrcV1.31\class\dbUpdate.php on line 343
[04-Aug-2017 13:46:14 Asia/Manila] PHP Notice:  Undefined index: view in E:\webserver\htdocs\ccrcV1.31\settings.php on line 41
[04-Aug-2017 13:46:14 Asia/Manila] PHP Notice:  Undefined index: 192.168.10.200 in E:\webserver\htdocs\ccrcV1.31\settings.php on line 110
[04-Aug-2017 13:46:14 Asia/Manila] PHP Notice:  Undefined index: howmanycounter in E:\webserver\htdocs\ccrcV1.31\settings.php on line 122
[04-Aug-2017 13:46:14 Asia/Manila] PHP Notice:  Undefined index: connect in E:\webserver\htdocs\ccrcV1.31\settings.php on line 134
[04-Aug-2017 13:46:14 Asia/Manila] PHP Notice:  Undefined index: connect in E:\webserver\htdocs\ccrcV1.31\class\dbConnection.php on line 23
[04-Aug-2017 13:46:14 Asia/Manila] PHP Notice:  Undefined index: conlist in E:\webserver\htdocs\ccrcV1.31\class\dbConnection.php on line 24
[04-Aug-2017 13:46:14 Asia/Manila] PHP Warning:  mysql_set_charset() expects parameter 1 to be string, resource given in E:\webserver\htdocs\ccrcV1.31\class\dbConnection.php on line 36
[04-Aug-2017 13:46:14 Asia/Manila] PHP Notice:  Undefined index: connect in E:\webserver\htdocs\ccrcV1.31\class\dbUpdate.php on line 57
[04-Aug-2017 13:46:14 Asia/Manila] PHP Notice:  Undefined index: conlist in E:\webserver\htdocs\ccrcV1.31\class\dbUpdate.php on line 58
[04-Aug-2017 13:46:14 Asia/Manila] PHP Notice:  Undefined property: MySQLiContainer::$connect_error in E:\webserver\htdocs\ccrcV1.31\class\dbUpdate.php on line 89
[04-Aug-2017 13:46:14 Asia/Manila] PHP Warning:  mysql_set_charset() expects parameter 1 to be string, object given in E:\webserver\htdocs\ccrcV1.31\class\dbUpdate.php on line 93
[04-Aug-2017 13:46:14 Asia/Manila] PHP Fatal error:  Call to a member function fetch_assoc() on a non-object in E:\webserver\htdocs\ccrcV1.31\class\dbUpdate.php on line 343
[12-Aug-2017 11:21:09 Asia/Manila] PHP Notice:  Undefined index: ::1 in F:\xampp\htdocs\lizganV1.31\settings.php on line 110
[12-Aug-2017 11:21:09 Asia/Manila] PHP Deprecated:  mysql_connect(): The mysql extension is deprecated and will be removed in the future: use mysqli or PDO instead in F:\xampp\htdocs\lizganV1.31\class\dbConnection.php on line 32
[12-Aug-2017 11:21:09 Asia/Manila] PHP Warning:  mysql_set_charset() expects parameter 1 to be string, resource given in F:\xampp\htdocs\lizganV1.31\class\dbConnection.php on line 36
[12-Aug-2017 11:21:09 Asia/Manila] PHP Notice:  Undefined index: begdate in F:\xampp\htdocs\lizganV1.31\reports\prod_sold_commission.php on line 57
[12-Aug-2017 11:21:09 Asia/Manila] PHP Notice:  Undefined index: begdate in F:\xampp\htdocs\lizganV1.31\reports\prod_sold_commission.php on line 58
[12-Aug-2017 11:21:09 Asia/Manila] PHP Notice:  Undefined variable: instructor in F:\xampp\htdocs\lizganV1.31\reports\prod_sold_commission.php on line 60
[12-Aug-2017 11:21:09 Asia/Manila] PHP Notice:  Undefined property: MySQLiContainer::$connect_error in F:\xampp\htdocs\lizganV1.31\class\dbUpdate.php on line 89
[12-Aug-2017 11:21:09 Asia/Manila] PHP Warning:  mysql_set_charset() expects parameter 1 to be string, object given in F:\xampp\htdocs\lizganV1.31\class\dbUpdate.php on line 93
[12-Aug-2017 11:21:09 Asia/Manila] PHP Fatal error:  Call to a member function fetch_assoc() on boolean in F:\xampp\htdocs\lizganV1.31\class\dbUpdate.php on line 343
[12-Aug-2017 11:21:32 Asia/Manila] PHP Notice:  Undefined index: ::1 in F:\xampp\htdocs\lizganV1.31\settings.php on line 110
[12-Aug-2017 11:21:32 Asia/Manila] PHP Deprecated:  mysql_connect(): The mysql extension is deprecated and will be removed in the future: use mysqli or PDO instead in F:\xampp\htdocs\lizganV1.31\class\dbConnection.php on line 32
[12-Aug-2017 11:21:32 Asia/Manila] PHP Warning:  mysql_set_charset() expects parameter 1 to be string, resource given in F:\xampp\htdocs\lizganV1.31\class\dbConnection.php on line 36
[12-Aug-2017 11:21:32 Asia/Manila] PHP Notice:  Undefined index: begdate in F:\xampp\htdocs\lizganV1.31\reports\prod_sold_commission.php on line 57
[12-Aug-2017 11:21:32 Asia/Manila] PHP Notice:  Undefined index: begdate in F:\xampp\htdocs\lizganV1.31\reports\prod_sold_commission.php on line 58
[12-Aug-2017 11:21:32 Asia/Manila] PHP Notice:  Undefined variable: instructor in F:\xampp\htdocs\lizganV1.31\reports\prod_sold_commission.php on line 60
[12-Aug-2017 11:21:32 Asia/Manila] PHP Notice:  Undefined property: MySQLiContainer::$connect_error in F:\xampp\htdocs\lizganV1.31\class\dbUpdate.php on line 89
[12-Aug-2017 11:21:32 Asia/Manila] PHP Warning:  mysql_set_charset() expects parameter 1 to be string, object given in F:\xampp\htdocs\lizganV1.31\class\dbUpdate.php on line 93
[12-Aug-2017 11:21:32 Asia/Manila] PHP Fatal error:  Call to a member function fetch_assoc() on boolean in F:\xampp\htdocs\lizganV1.31\class\dbUpdate.php on line 343
[12-Aug-2017 11:21:55 Asia/Manila] PHP Notice:  Undefined index: ::1 in F:\xampp\htdocs\lizganV1.31\settings.php on line 110
[12-Aug-2017 11:21:55 Asia/Manila] PHP Deprecated:  mysql_connect(): The mysql extension is deprecated and will be removed in the future: use mysqli or PDO instead in F:\xampp\htdocs\lizganV1.31\class\dbConnection.php on line 32
[12-Aug-2017 11:21:55 Asia/Manila] PHP Warning:  mysql_set_charset() expects parameter 1 to be string, resource given in F:\xampp\htdocs\lizganV1.31\class\dbConnection.php on line 36
[12-Aug-2017 11:21:55 Asia/Manila] PHP Notice:  Undefined index: begdate in F:\xampp\htdocs\lizganV1.31\reports\prod_sold_commission.php on line 57
[12-Aug-2017 11:21:55 Asia/Manila] PHP Notice:  Undefined index: begdate in F:\xampp\htdocs\lizganV1.31\reports\prod_sold_commission.php on line 58
[12-Aug-2017 11:21:55 Asia/Manila] PHP Notice:  Undefined property: MySQLiContainer::$connect_error in F:\xampp\htdocs\lizganV1.31\class\dbUpdate.php on line 89
[12-Aug-2017 11:21:55 Asia/Manila] PHP Warning:  mysql_set_charset() expects parameter 1 to be string, object given in F:\xampp\htdocs\lizganV1.31\class\dbUpdate.php on line 93
[12-Aug-2017 11:21:56 Asia/Manila] PHP Notice:  Undefined index: teacher in F:\xampp\htdocs\lizganV1.31\reports\prod_sold_commission.php on line 76
[18-Aug-2017 09:32:36 Asia/Manila] PHP Notice:  Undefined index: 192.168.10.184 in E:\webserver\htdocs\lizganV1.32\settings.php on line 110
[18-Aug-2017 09:32:36 Asia/Manila] PHP Notice:  Undefined index: connect in E:\webserver\htdocs\lizganV1.32\settings.php on line 134
[18-Aug-2017 09:32:36 Asia/Manila] PHP Notice:  Undefined index: connect in E:\webserver\htdocs\lizganV1.32\class\dbUpdate.php on line 57
[18-Aug-2017 09:32:36 Asia/Manila] PHP Notice:  Undefined index:  in E:\webserver\htdocs\lizganV1.32\class\dbUpdate.php on line 58
[18-Aug-2017 09:32:36 Asia/Manila] PHP Notice:  Undefined index: connect in E:\webserver\htdocs\lizganV1.32\class\dbConnection.php on line 23
[18-Aug-2017 09:32:36 Asia/Manila] PHP Notice:  Undefined index:  in E:\webserver\htdocs\lizganV1.32\class\dbConnection.php on line 24
[18-Aug-2017 09:32:36 Asia/Manila] PHP Warning:  mysql_set_charset() expects parameter 1 to be string, resource given in E:\webserver\htdocs\lizganV1.32\class\dbConnection.php on line 36
[18-Aug-2017 09:32:36 Asia/Manila] PHP Notice:  Undefined index: begdate in E:\webserver\htdocs\lizganV1.32\reports\prod_sold_commission.php on line 57
[18-Aug-2017 09:32:36 Asia/Manila] PHP Notice:  Undefined index: enddate in E:\webserver\htdocs\lizganV1.32\reports\prod_sold_commission.php on line 58
[18-Aug-2017 09:32:36 Asia/Manila] PHP Notice:  Undefined property: MySQLiContainer::$connect_error in E:\webserver\htdocs\lizganV1.32\class\dbUpdate.php on line 89
[18-Aug-2017 09:32:36 Asia/Manila] PHP Warning:  mysql_set_charset() expects parameter 1 to be string, object given in E:\webserver\htdocs\lizganV1.32\class\dbUpdate.php on line 93
[18-Aug-2017 09:32:36 Asia/Manila] PHP Fatal error:  Call to a member function fetch_assoc() on a non-object in E:\webserver\htdocs\lizganV1.32\class\dbUpdate.php on line 343
[22-Sep-2017 10:17:38 Asia/Manila] PHP Notice:  Undefined index: 192.168.10.241 in E:\webserver\htdocs\lizganV1.35\settings.php on line 110
[22-Sep-2017 10:17:38 Asia/Manila] PHP Warning:  mysql_set_charset() expects parameter 1 to be string, resource given in E:\webserver\htdocs\lizganV1.35\class\dbConnection.php on line 36
[22-Sep-2017 10:17:38 Asia/Manila] PHP Notice:  Undefined index: begdate in E:\webserver\htdocs\lizganV1.35\reports\prod_sold_commission_teacher.php on line 58
[22-Sep-2017 10:17:38 Asia/Manila] PHP Notice:  Undefined index: enddate in E:\webserver\htdocs\lizganV1.35\reports\prod_sold_commission_teacher.php on line 59
[22-Sep-2017 10:17:38 Asia/Manila] PHP Notice:  Undefined index: teacher in E:\webserver\htdocs\lizganV1.35\reports\prod_sold_commission_teacher.php on line 60
[22-Sep-2017 10:17:38 Asia/Manila] PHP Notice:  Undefined index: teacher in E:\webserver\htdocs\lizganV1.35\reports\prod_sold_commission_teacher.php on line 71
[22-Sep-2017 10:17:38 Asia/Manila] PHP Notice:  Undefined property: MySQLiContainer::$connect_error in E:\webserver\htdocs\lizganV1.35\class\dbUpdate.php on line 89
[22-Sep-2017 10:17:38 Asia/Manila] PHP Warning:  mysql_set_charset() expects parameter 1 to be string, object given in E:\webserver\htdocs\lizganV1.35\class\dbUpdate.php on line 93
[22-Sep-2017 10:17:38 Asia/Manila] PHP Fatal error:  Call to a member function fetch_assoc() on a non-object in E:\webserver\htdocs\lizganV1.35\class\dbUpdate.php on line 344
[19-Feb-2018 15:04:55 Asia/Manila] PHP Notice:  Undefined index: 192.168.1.100 in F:\webserverNew\htdocs\tkcv1.41\settings.php on line 130
[19-Feb-2018 15:04:55 Asia/Manila] PHP Notice:  Undefined index: connect in F:\webserverNew\htdocs\tkcv1.41\settings.php on line 154
[19-Feb-2018 15:04:55 Asia/Manila] PHP Notice:  Undefined index: connect in F:\webserverNew\htdocs\tkcv1.41\class\dbUpdate.php on line 57
[19-Feb-2018 15:04:55 Asia/Manila] PHP Notice:  Undefined index: conlist in F:\webserverNew\htdocs\tkcv1.41\class\dbUpdate.php on line 58
[19-Feb-2018 15:04:55 Asia/Manila] PHP Notice:  Undefined index: connect in F:\webserverNew\htdocs\tkcv1.41\class\dbConnection.php on line 27
[19-Feb-2018 15:04:55 Asia/Manila] PHP Notice:  Undefined index: conlist in F:\webserverNew\htdocs\tkcv1.41\class\dbConnection.php on line 28
[19-Feb-2018 15:04:55 Asia/Manila] PHP Deprecated:  mysql_connect(): The mysql extension is deprecated and will be removed in the future: use mysqli or PDO instead in F:\webserverNew\htdocs\tkcv1.41\class\dbConnection.php on line 35
[19-Feb-2018 15:04:55 Asia/Manila] PHP Warning:  mysql_set_charset() expects parameter 1 to be string, resource given in F:\webserverNew\htdocs\tkcv1.41\class\dbConnection.php on line 39
[19-Feb-2018 15:04:55 Asia/Manila] PHP Notice:  Undefined index: my_date in F:\webserverNew\htdocs\tkcv1.41\reports\prod_inventory.php on line 57
[19-Feb-2018 15:04:55 Asia/Manila] PHP Notice:  Undefined index: prod_name in F:\webserverNew\htdocs\tkcv1.41\reports\prod_inventory.php on line 58
[19-Feb-2018 15:04:55 Asia/Manila] PHP Notice:  Undefined index: supplier_name in F:\webserverNew\htdocs\tkcv1.41\reports\prod_inventory.php on line 59
[19-Feb-2018 15:04:55 Asia/Manila] PHP Notice:  Undefined property: MySQLiContainer::$connect_error in F:\webserverNew\htdocs\tkcv1.41\class\dbUpdate.php on line 119
[19-Feb-2018 15:04:55 Asia/Manila] PHP Warning:  mysql_set_charset() expects parameter 1 to be string, object given in F:\webserverNew\htdocs\tkcv1.41\class\dbUpdate.php on line 123
[19-Feb-2018 15:04:55 Asia/Manila] PHP Fatal error:  Call to a member function fetch_assoc() on boolean in F:\webserverNew\htdocs\tkcv1.41\class\dbUpdate.php on line 374
[01-Apr-2018 20:54:59 Asia/Manila] PHP Notice:  Undefined index: ::1 in C:\xampp\htdocs\rtkv1.41\settings.php on line 132
[01-Apr-2018 20:54:59 Asia/Manila] PHP Notice:  Undefined index: connect in C:\xampp\htdocs\rtkv1.41\settings.php on line 156
[01-Apr-2018 20:54:59 Asia/Manila] PHP Fatal error:  Class 'dbUpdate' not found in C:\xampp\htdocs\rtkv1.41\reports\customer_balance_agingSummary.php on line 54
